PS C:\Users\k0k0n\OneDrive\デスクトップ\git_challenge> git add hello-world.txt  
PS C:\Users\k0k0n\OneDrive\デスクトップ\git_challenge> git commit -m"新規作成"
[main (root-commit) 12698b2] 新規作成
 1 file changed, 2 insertions(+)
 create mode 100644 hello-world.txt
PS C:\Users\k0k0n\OneDrive\デスクトップ\git_challenge> git add hello-world.txt
PS C:\Users\k0k0n\OneDrive\デスクトップ\git_challenge> git commit -m"変更１"
[main 8fc5548] 変更１
 1 file changed, 1 insertion(+), 1 deletion(-)
PS C:\Users\k0k0n\OneDrive\デスクトップ\git_challenge> git log --oneline
8fc5548 (HEAD -> main) 変更１
12698b2 新規作成
PS C:\Users\k0k0n\OneDrive\デスクトップ\git_challenge> 
